// Jest Snapshot v1, https://goo.gl/fbAQLP

exports[`renders InfoContainer correctly 1`] = `
.c0 {
  display: -webkit-box;
  display: -webkit-flex;
  display: -ms-flexbox;
  display: flex;
  -webkit-flex-direction: column;
  -ms-flex-direction: column;
  flex-direction: column;
  -webkit-align-items: center;
  -webkit-box-align: center;
  -ms-flex-align: center;
  align-items: center;
  -webkit-box-pack: center;
  -webkit-justify-content: center;
  -ms-flex-pack: center;
  justify-content: center;
  margin: 0 auto;
  width: 90%;
  background-image: url(test-file-stub);
  background-repeat: no-repeat;
  background-position: center 80px;
}

.c1 {
  width: 600px;
  margin: 0 auto;
}

.c2 {
  font-family: proxima-nova,Proxima Nova,Helvetica Neue,Helvetica,Arial,sans-serif;
  font-size: 42px;
  color: #1e1e1e;
  font-weight: 300;
  text-align: center;
  margin: 0;
}

.c3 {
  display: block;
  font-family: proxima-nova,Proxima Nova,Helvetica Neue,Helvetica,Arial,sans-serif;
  font-size: 16px;
  color: #777777;
  font-weight: 300;
  line-height: calc(16px * 2);
  margin: 40px auto 0 auto;
}

.c4 {
  display: -webkit-box;
  display: -webkit-flex;
  display: -ms-flexbox;
  display: flex;
  -webkit-box-pack: justify;
  -webkit-justify-content: space-between;
  -ms-flex-pack: justify;
  justify-content: space-between;
}

.c5 {
  position: relative;
  outline: none;
  border: none;
  background: none;
  font-family: proxima-nova,Proxima Nova,Helvetica Neue,Helvetica,Arial,sans-serif;
  font-size: 16px;
  color: #777777;
  font-weight: 300;
  cursor: pointer;
}

.c5:hover {
  text-decoration: underline;
  -webkit-transition: all ease-in 0.2s;
  transition: all ease-in 0.2s;
}

.c5:focus {
  color: #006cff;
}

<InfoContainer>
  <styled.article>
    <article
      className="c0"
    >
      <AdeleInfo>
        <styled.section>
          <section
            className="c1"
          >
            <styled.h2>
              <h2
                className="c2"
              >
                Adele Goldberg. The Icon.
              </h2>
            </styled.h2>
            <styled.span>
              <span
                className="c3"
              >
                <p>
                  No. Adele – the Design Systems Repository, is not named after Adele – the singer. This is a tribute to one of the most important computer scientists focused on graphic user interfaces, design patterns and object-oriented programming –
                   
                  <a
                    href="https://en.wikipedia.org/wiki/Adele_Goldberg_(computer_scientist)"
                    rel="noopener noreferrer"
                    tabIndex={5}
                    target="_blank"
                  >
                    Adele Goldberg
                  </a>
                  .
                </p>
                <p>
                  Adele Goldberg worked at XEROX PARC in the 70s and managed the System Concepts Laboratory where, together with Alan Kay and others, she developed Smalltalk-80 – an object-oriented, dynamically typed programming language that was meant to power the "human-computer symbiosis".
                </p>
                <p>
                  Needless to say, SmallTalk also pioneered many concepts important to all modern design systems. Objects in Smalltalk were easily transferable between applications and customizable. Smalltalk also served as the foundation of PARC's work on graphically based user interfaces (many GUI concepts have been developed by Adele Goldberg and her group!).
                </p>
                <styled.footer>
                  <footer
                    className="c4"
                  >
                    <p>
                      Thank you Adele!
                    </p>
                    <NavLink
                      action={[Function]}
                      label="Back to the top"
                      tab={5}
                    >
                      <styled.button
                        onClick={[Function]}
                        tabIndex={5}
                      >
                        <button
                          className="c5"
                          onClick={[Function]}
                          tabIndex={5}
                        >
                          Back to the top
                        </button>
                      </styled.button>
                    </NavLink>
                  </footer>
                </styled.footer>
              </span>
            </styled.span>
          </section>
        </styled.section>
      </AdeleInfo>
    </article>
  </styled.article>
</InfoContainer>
`;
