// Jest Snapshot v1, https://goo.gl/fbAQLP

exports[`renders SectionHeader correctly 1`] = `
.c0 {
  font-family: proxima-nova,Proxima Nova,Helvetica Neue,Helvetica,Arial,sans-serif;
  font-size: 16px;
  font-weight: 300;
  color: #777777;
  font-variant: small-caps;
  margin: 80px 0 40px 0;
}

<SectionHeader
  className=""
  content="why adele?"
  id="test"
>
  <styled.h3
    className=""
    id="test"
  >
    <h3
      className="c0"
      id="test"
    >
      why adele?
    </h3>
  </styled.h3>
</SectionHeader>
`;
